---
source: crates/basecoat-components/tests/snapshots.rs
expression: html.to_string()
---
<div class="toast" role="status" aria-atomic="true" aria-hidden="false" data-category="success" data-toast data-basecoat-hydrate="toast" data-basecoat-version="0.1"><div class="toast-content"><svg aria-hidden="true" xmlns="http://www.w3.org/2000/svg" width="24" height="24" viewBox="0 0 24 24" fill="none" stroke="currentColor" stroke-width="2" stroke-linecap="round" stroke-linejoin="round"><circle cx="12" cy="12" r="10"/><path d="m9 12 2 2 4-4"/></svg><section><h2>Saved!</h2><p>Your changes have been saved.</p></section></div></div>
