---
source: crates/basecoat-components/tests/snapshots.rs
expression: html.to_string()
---
<button type="button" data-dialog-trigger="test-dialog" onclick="document.getElementById('test-dialog').showModal()">Open</button><dialog id="test-dialog" class="dialog" aria-labelledby="test-dialog-title" aria-describedby="test-dialog-description" onclick="if (event.target === this) this.close()" data-dialog data-basecoat-hydrate="dialog" data-basecoat-version="0.1"><div><header><h2 id="test-dialog-title">Edit Profile</h2><p id="test-dialog-description">Make changes here.</p></header><section><p>Dialog body content</p></section><button type="button" aria-label="Close dialog" onclick="this.closest('dialog').close()"><svg xmlns="http://www.w3.org/2000/svg" width="24" height="24" viewBox="0 0 24 24" fill="none" stroke="currentColor" stroke-width="2" stroke-linecap="round" stroke-linejoin="round" class="lucide lucide-x-icon lucide-x"><path d="M18 6 6 18"/><path d="m6 6 12 12"/></svg></button></div></dialog>
